\BOOKMARK [1][-]{section.1}{\376\377\000M\036\345\000c\000\040\001\021\000\355\000c\000h\000\040\000v\000\340\000\040\000p\000h\036\241\000m\000\040\000v\000i}{}% 1
\BOOKMARK [1][-]{section.2}{\376\377\000B\036\321\000i\000\040\000c\036\243\000n\000h\000\040\000v\000\340\000\040\000r\000a\000n\000h\000\040\000g\000i\036\333\000i\000\040\000h\036\307\000\040\000t\000h\036\321\000n\000g}{}% 2
\BOOKMARK [2][-]{subsection.2.1}{\376\377\000S\001\241\000\040\001\021\036\323\000\040\000n\000g\000u\036\323\000n\000\040\000v\000\340\000\040\001\021\000\355\000c\000h\000\040\000d\036\357\000\040\000l\000i\036\307\000u}{section.2}% 3
\BOOKMARK [2][-]{subsection.2.2}{\376\377\000S\001\241\000\040\001\021\036\323\000\040\000k\000h\036\321\000i\000\040\000p\000h\036\247\000n\000\040\000c\036\351\000n\000g\000\040\000v\000\340\000\040\000g\000i\000a\000o\000\040\000t\000i\036\277\000p}{section.2}% 4
\BOOKMARK [1][-]{section.3}{\376\377\000T\036\325\000\040\000c\000h\036\351\000c\000\040\000m\000\343\000\040\000n\000g\000u\036\323\000n}{}% 5
\BOOKMARK [1][-]{section.4}{\376\377\000K\000i\036\277\000n\000\040\000t\000r\000\372\000c\000\040\000p\000h\036\247\000n\000\040\000m\036\301\000m\000\040\000n\036\331\000i\000\040\000b\036\331}{}% 6
\BOOKMARK [2][-]{subsection.4.1}{\376\377\000Q\000u\000a\000n\000\040\000h\036\307\000\040\000g\000i\036\357\000a\000\040\000c\000\341\000c\000\040\000t\000a\000s\000k\000\040\000v\000\340\000\040\000t\000r\036\241\000n\000g\000\040\000t\000h\000\341\000i\000\040\000d\000\371\000n\000g\000\040\000c\000h\000u\000n\000g}{section.4}% 7
\BOOKMARK [2][-]{subsection.4.2}{\376\377\000T\000r\000\354\000n\000h\000\040\000t\036\361\000\040\000k\000h\036\337\000i\000\040\001\021\036\331\000n\000g}{section.4}% 8
\BOOKMARK [1][-]{section.5}{\376\377\000L\000u\036\323\000n\000g\000\040\000U\000A\000R\000T\000\040\000g\000i\036\357\000a\000\040\000r\000o\000o\000t\000\040\000v\000\340\000\040\000g\000a\000t\000e\000w\000a\000y}{}% 9
\BOOKMARK [2][-]{subsection.5.1}{\376\377\000C\036\245\000u\000\040\000h\000\354\000n\000h\000\040\000v\000\340\000\040\000g\000i\000a\000o\000\040\000t\000h\036\351\000c\000\040\000b\036\257\000t\000\040\000t\000a\000y}{section.5}% 10
\BOOKMARK [2][-]{subsection.5.2}{\376\377\001\020\001\260\036\335\000n\000g\000\040\036\321\000n\000g\000\040\000x\036\355\000\040\000l\000\375\000\040\000d\036\357\000\040\000l\000i\036\307\000u\000\040\000U\000A\000R\000T}{section.5}% 11
\BOOKMARK [1][-]{section.6}{\376\377\000W\000i\000-\000F\000i\000,\000\040\000c\000a\000p\000t\000i\000v\000e\000\040\000p\000o\000r\000t\000a\000l\000\040\000v\000\340\000\040\000m\000D\000N\000S}{}% 12
\BOOKMARK [2][-]{subsection.6.1}{\376\377\000M\000\341\000y\000\040\000t\000r\036\241\000n\000g\000\040\000t\000h\000\341\000i\000\040\000k\036\277\000t\000\040\000n\036\321\000i\000\040\000W\000i\000-\000F\000i}{section.6}% 13
\BOOKMARK [1][-]{section.7}{\376\377\000W\000e\000b\000S\000o\000c\000k\000e\000t\000\040\000l\000o\000c\000a\000l\000\040\000v\000\340\000\040\000s\000e\000r\000v\000e\000r}{}% 14
\BOOKMARK [2][-]{subsection.7.1}{\376\377\000Q\000u\000y\000\040\000t\036\257\000c\000\040\000c\000h\036\315\000n\000\040\000g\000i\000a\000o\000\040\000t\000h\036\351\000c}{section.7}% 15
\BOOKMARK [2][-]{subsection.7.2}{\376\377\000V\000\362\000n\000g\000\040\001\021\036\335\000i\000\040\000W\000e\000b\000S\000o\000c\000k\000e\000t}{section.7}% 16
\BOOKMARK [2][-]{subsection.7.3}{\376\377\000T\000r\000\354\000n\000h\000\040\000t\036\361\000\040\000g\036\355\000i\000\040\000d\036\357\000\040\000l\000i\036\307\000u\000\040\001\021\036\247\000u\000\040\000c\000u\036\321\000i}{section.7}% 17
\BOOKMARK [1][-]{section.8}{\376\377\000N\000g\000u\036\323\000n\000\040\000t\036\241\000o\000\040\000b\036\243\000n\000\040\000t\000i\000n\000\040\000g\000a\000t\000e\000w\000a\000y\000\137\000s\000t\000a\000t\000u\000s}{}% 18
\BOOKMARK [1][-]{section.9}{\376\377\000M\000\340\000n\000\040\000h\000\354\000n\000h\000\040\000v\000\340\000\040\000d\036\357\000\040\000l\000i\036\307\000u\000\040\000c\036\345\000c\000\040\000b\036\331}{}% 19
\BOOKMARK [1][-]{section.10}{\376\377\000P\000h\000\342\000n\000\040\000v\000\371\000n\000g\000\040\000f\000l\000a\000s\000h\000\040\000v\000\340\000\040\000O\000T\000A}{}% 20
\BOOKMARK [1][-]{section.11}{\376\377\000T\000\340\000i\000\040\000n\000g\000u\000y\000\352\000n\000\040\000F\000r\000e\000e\000R\000T\000O\000S}{}% 21
\BOOKMARK [1][-]{section.12}{\376\377\000R\036\347\000i\000\040\000r\000o\000\040\000v\000\340\000\040\001\021\036\301\000\040\000x\000u\036\245\000t\000\040\000b\036\243\000o\000\040\000t\000r\000\354}{}% 22
\BOOKMARK [1][-]{section.13}{\376\377\000Q\000u\000y\000\040\000t\000r\000\354\000n\000h\000\040\000b\000u\000i\000l\000d\000\040\000v\000\340\000\040\000k\000i\036\303\000m\000\040\000t\000h\036\355}{}% 23
\BOOKMARK [1][-]{section.14}{\376\377\000K\036\277\000t\000\040\000l\000u\036\255\000n}{}% 24
\BOOKMARK [1][-]{appendix.A}{\376\377\000T\000h\036\351\000\040\000t\036\361\000\040\001\021\036\315\000c\000\040\000m\000\343\000\040\001\021\036\301\000\040\000x\000u\036\245\000t}{}% 25
