\BOOKMARK [1][-]{section.1}{\376\377\000G\000i\036\333\000i\000\040\000t\000h\000i\036\307\000u}{}% 1
\BOOKMARK [2][-]{subsection.1.1}{\376\377\000M\036\345\000c\000\040\001\021\000\355\000c\000h\000\040\000t\000\340\000i\000\040\000l\000i\036\307\000u}{section.1}% 2
\BOOKMARK [2][-]{subsection.1.2}{\376\377\000V\000a\000i\000\040\000t\000r\000\362\000\040\000c\036\347\000a\000\040\000f\000i\000r\000m\000w\000a\000r\000e}{section.1}% 3
\BOOKMARK [1][-]{section.2}{\376\377\000N\036\301\000n\000\040\000t\036\243\000n\000g\000\040\000v\000\340\000\040\000t\036\325\000\040\000c\000h\036\351\000c\000\040\000d\036\361\000\040\000\341\000n}{}% 4
\BOOKMARK [2][-]{subsection.2.1}{\376\377\000C\000\364\000n\000g\000\040\000n\000g\000h\036\307\000\040\000s\036\355\000\040\000d\036\345\000n\000g}{section.2}% 5
\BOOKMARK [2][-]{subsection.2.2}{\376\377\000C\036\245\000u\000\040\000t\000r\000\372\000c\000\040\000t\000h\001\260\000\040\000m\036\345\000c}{section.2}% 6
\BOOKMARK [1][-]{section.3}{\376\377\000K\000i\036\277\000n\000\040\000t\000r\000\372\000c\000\040\000p\000h\036\247\000n\000\040\000m\036\301\000m}{}% 7
\BOOKMARK [2][-]{subsection.3.1}{\376\377\000M\000\364\000\040\000h\000\354\000n\000h\000\040\000p\000h\000\342\000n\000\040\000l\036\333\000p}{section.3}% 8
\BOOKMARK [2][-]{subsection.3.2}{\376\377\000S\001\241\000\040\001\021\036\323\000\040\000k\000h\036\321\000i\000\040\000t\000o\000\340\000n\000\040\000h\036\307\000\040\000t\000h\036\321\000n\000g}{section.3}% 9
\BOOKMARK [2][-]{subsection.3.3}{\376\377\000D\000a\000t\000a\000M\000a\000n\000a\000g\000e\000r\000\040\000l\000\340\000\040\000t\000r\036\241\000n\000g\000\040\000t\000h\000\341\000i\000\040\000t\000r\000u\000n\000g\000\040\000t\000\342\000m}{section.3}% 10
\BOOKMARK [1][-]{section.4}{\376\377\000L\000u\036\323\000n\000g\000\040\000k\000h\036\337\000i\000\040\001\021\036\331\000n\000g}{}% 11
\BOOKMARK [2][-]{subsection.4.1}{\376\377\001\020\000i\036\303\000m\000\040\000v\000\340\000o\000\040\000a\000p\000p\000\137\000m\000a\000i\000n}{section.4}% 12
\BOOKMARK [1][-]{section.5}{\376\377\000H\036\307\000\040\000t\000h\036\321\000n\000g\000\040\000c\036\243\000m\000\040\000b\000i\036\277\000n}{}% 13
\BOOKMARK [2][-]{subsection.5.1}{\376\377\000G\000i\000a\000o\000\040\000d\000i\036\307\000n\000\040\000d\000r\000i\000v\000e\000r\000\040\000t\000h\036\321\000n\000g\000\040\000n\000h\036\245\000t}{section.5}% 14
\BOOKMARK [2][-]{subsection.5.2}{\376\377\000C\000\341\000c\000\040\000c\036\243\000m\000\040\000b\000i\036\277\000n\000\040\001\021\000\343\000\040\001\021\001\003\000n\000g\000\040\000k\000\375}{section.5}% 15
\BOOKMARK [2][-]{subsection.5.3}{\376\377\000Q\000u\000y\000\040\000t\000r\000\354\000n\000h\000\040\000t\000h\000\352\000m\000\040\000c\036\243\000m\000\040\000b\000i\036\277\000n}{section.5}% 16
\BOOKMARK [1][-]{section.6}{\376\377\000M\036\241\000n\000g\000\040\000v\000\340\000\040\000t\000r\000u\000y\036\301\000n\000\040\000d\036\357\000\040\000l\000i\036\307\000u}{}% 17
\BOOKMARK [2][-]{subsection.6.1}{\376\377\000I\000n\000t\000e\000r\000n\000e\000t\000M\000a\000n\000a\000g\000e\000r}{section.6}% 18
\BOOKMARK [2][-]{subsection.6.2}{\376\377\000H\000a\000i\000\040\000v\000a\000i\000\040\000t\000r\000\362\000\040\000m\000e\000s\000h}{section.6}% 19
\BOOKMARK [2][-]{subsection.6.3}{\376\377\000N\000g\000u\036\323\000n\000\040\000d\036\357\000\040\000l\000i\036\307\000u\000\040\000v\000\340\000\040\000l\000u\036\323\000n\000g\000\040\000t\000e\000l\000e\000m\000e\000t\000r\000y}{section.6}% 20
\BOOKMARK [1][-]{section.7}{\376\377\001\020\036\313\000n\000h\000\040\000d\036\241\000n\000g\000\040\000t\000e\000l\000e\000m\000e\000t\000r\000y}{}% 21
\BOOKMARK [2][-]{subsection.7.1}{\376\377\000G\000\363\000i\000\040\000n\000o\000d\000e\000\040\000h\000i\036\307\000n\000\040\000t\036\241\000i}{section.7}% 22
\BOOKMARK [2][-]{subsection.7.2}{\376\377\000X\036\355\000\040\000l\000\375\000\040\000t\000e\000l\000e\000m\000e\000t\000r\000y\000\040\000t\036\241\000i\000\040\000g\000a\000t\000e\000w\000a\000y}{section.7}% 23
\BOOKMARK [1][-]{section.8}{\376\377\000U\000I\000\040\000v\000\340\000\040\000t\001\260\001\241\000n\000g\000\040\000t\000\341\000c\000\040\000n\000g\001\260\036\335\000i\000\040\000d\000\371\000n\000g}{}% 24
\BOOKMARK [1][-]{section.9}{\376\377\000C\000\341\000c\000\040\000d\036\313\000c\000h\000\040\000v\036\345\000\040\000l\000\365\000i}{}% 25
\BOOKMARK [1][-]{section.10}{\376\377\000T\000a\000s\000k\000\040\000F\000r\000e\000e\000R\000T\000O\000S\000\040\000v\000\340\000\040\000t\000\340\000i\000\040\000n\000g\000u\000y\000\352\000n}{}% 26
\BOOKMARK [1][-]{section.11}{\376\377\000B\036\331\000\040\000n\000h\036\333\000\040\000f\000l\000a\000s\000h\000\040\000v\000\340\000\040\000l\001\260\000u\000\040\000t\000r\036\357}{}% 27
\BOOKMARK [1][-]{section.12}{\376\377\000B\000u\000i\000l\000d\000,\000\040\000f\000l\000a\000s\000h\000\040\000v\000\340\000\040\000t\000h\000e\000o\000\040\000d\000\365\000i}{}% 28
\BOOKMARK [2][-]{subsection.12.1}{\376\377\000Y\000\352\000u\000\040\000c\036\247\000u}{section.12}% 29
\BOOKMARK [2][-]{subsection.12.2}{\376\377\000C\000\341\000c\000\040\000l\036\307\000n\000h\000\040\000c\001\241\000\040\000b\036\243\000n}{section.12}% 30
\BOOKMARK [2][-]{subsection.12.3}{\376\377\000L\000o\000g\000\040\000c\036\247\000n\000\040\000t\000h\000e\000o\000\040\000d\000\365\000i}{section.12}% 31
\BOOKMARK [1][-]{section.13}{\376\377\000C\000h\000i\036\277\000n\000\040\000l\001\260\036\343\000c\000\040\000k\000i\036\303\000m\000\040\000t\000h\036\355}{}% 32
\BOOKMARK [1][-]{section.14}{\376\377\001\020\000\341\000n\000h\000\040\000g\000i\000\341\000\040\000v\000\340\000\040\000k\000h\000u\000y\036\277\000n\000\040\000n\000g\000h\036\313}{}% 33
\BOOKMARK [2][-]{subsection.14.1}{\376\377\001\020\000i\036\303\000m\000\040\000m\036\241\000n\000h}{section.14}% 34
\BOOKMARK [2][-]{subsection.14.2}{\376\377\000R\036\347\000i\000\040\000r\000o\000\040\000k\036\371\000\040\000t\000h\000u\036\255\000t}{section.14}% 35
\BOOKMARK [2][-]{subsection.14.3}{\376\377\000T\000h\036\351\000\040\000t\036\361\000\040\000c\036\243\000i\000\040\000t\000i\036\277\000n\000\040\001\021\036\301\000\040\000x\000u\036\245\000t}{section.14}% 36
\BOOKMARK [1][-]{section.15}{\376\377\000K\036\277\000t\000\040\000l\000u\036\255\000n}{}% 37
\BOOKMARK [1][-]{appendix.A}{\376\377\000T\036\307\000p\000\040\000n\000g\000u\036\323\000n\000\040\000t\000r\036\315\000n\000g\000\040\000t\000\342\000m}{}% 38
