\BOOKMARK [1][-]{section.1}{\376\377\000G\000i\036\333\000i\000\040\000t\000h\000i\036\307\000u}{}% 1
\BOOKMARK [2][-]{subsection.1.1}{\376\377\000M\036\345\000c\000\040\000t\000i\000\352\000u\000\040\000t\000\340\000i\000\040\000l\000i\036\307\000u}{section.1}% 2
\BOOKMARK [1][-]{section.2}{\376\377\000K\000i\036\277\000n\000\040\000t\000r\000\372\000c\000\040\000t\036\325\000n\000g\000\040\000t\000h\036\303}{}% 3
\BOOKMARK [1][-]{section.3}{\376\377\000T\036\325\000\040\000c\000h\036\351\000c\000\040\000r\000e\000p\000o\000s\000i\000t\000o\000r\000y\000\040\000v\000\340\000\040\000c\000\364\000n\000g\000\040\000n\000g\000h\036\307}{}% 4
\BOOKMARK [1][-]{section.4}{\376\377\000K\000h\036\337\000i\000\040\001\021\036\331\000n\000g\000\040\000v\000\340\000\040\001\021\036\313\000n\000h\000\040\000t\000u\000y\036\277\000n\000\040\000f\000r\000o\000n\000t\000e\000n\000d}{}% 5
\BOOKMARK [2][-]{subsection.4.1}{\376\377\000C\000\341\000c\000\040\000r\000o\000u\000t\000e\000\040\000h\000i\036\307\000n\000\040\000t\036\241\000i}{section.4}% 6
\BOOKMARK [1][-]{section.5}{\376\377\000L\036\361\000a\000\040\000c\000h\036\315\000n\000\040\000n\000g\000u\036\323\000n\000\040\000W\000e\000b\000S\000o\000c\000k\000e\000t}{}% 7
\BOOKMARK [2][-]{subsection.5.1}{\376\377\000T\000h\036\351\000\040\000t\036\361\000\040\000x\000\341\000c\000\040\001\021\036\313\000n\000h\000\040\000U\000R\000L}{section.5}% 8
\BOOKMARK [1][-]{section.6}{\376\377\000W\000e\000b\000S\000o\000c\000k\000e\000t\000\040\000v\000\340\000\040\000H\000T\000T\000P\000\040\000b\000a\000c\000k\000e\000n\000d}{}% 9
\BOOKMARK [2][-]{subsection.6.1}{\376\377\000K\000h\036\337\000i\000\040\000t\036\241\000o\000\040\000s\000e\000r\000v\000e\000r}{section.6}% 10
\BOOKMARK [2][-]{subsection.6.2}{\376\377\000X\036\355\000\040\000l\000\375\000\040\000m\036\331\000t\000\040\000k\036\277\000t\000\040\000n\036\321\000i}{section.6}% 11
\BOOKMARK [1][-]{section.7}{\376\377\000P\000i\000p\000e\000l\000i\000n\000e\000\040\000n\000h\036\255\000n\000\040\000v\000\340\000\040\000p\000h\000\342\000n\000\040\000t\000\341\000c\000h\000\040\000b\036\243\000n\000\040\000t\000i\000n}{}% 12
\BOOKMARK [2][-]{subsection.7.1}{\376\377\000B\000a\000\040\000d\036\241\000n\000g\000\040\000m\000e\000s\000h\000\040\000i\000n\000p\000u\000t\000\040\001\021\001\260\036\343\000c\000\040\000c\000h\036\245\000p\000\040\000n\000h\036\255\000n}{section.7}% 13
\BOOKMARK [1][-]{section.8}{\376\377\000S\000c\000h\000e\000m\000a\000\040\000d\036\357\000\040\000l\000i\036\307\000u\000\040\000m\000e\000s\000h}{}% 14
\BOOKMARK [2][-]{subsection.8.1}{\376\377\000\301\000n\000h\000\040\000x\036\241\000\040\000l\000o\036\241\000i\000\040\000c\036\243\000m\000\040\000b\000i\036\277\000n}{section.8}% 15
\BOOKMARK [1][-]{section.9}{\376\377\000L\001\260\000u\000\040\000t\000r\036\357\000\040\000S\000Q\000L\000i\000t\000e}{}% 16
\BOOKMARK [2][-]{subsection.9.1}{\376\377\000M\000\364\000\040\000h\000\354\000n\000h\000\040\000d\036\357\000\040\000l\000i\036\307\000u\000\040\000d\036\241\000n\000g\000\040\000l\000o\000n\000g\000\040\000t\000a\000b\000l\000e}{section.9}% 17
\BOOKMARK [2][-]{subsection.9.2}{\376\377\000L\001\260\000u\000\040\000g\000a\000t\000e\000w\000a\000y\000\137\000s\000t\000a\000t\000u\000s}{section.9}% 18
\BOOKMARK [1][-]{section.10}{\376\377\000R\000E\000S\000T\000\040\000A\000P\000I\000\040\000v\000\340\000\040\000d\036\357\000\040\000l\000i\036\307\000u\000\040\000l\036\313\000c\000h\000\040\000s\036\355}{}% 19
\BOOKMARK [1][-]{section.11}{\376\377\000R\000e\000a\000l\000t\000i\000m\000e\000\040\000s\000t\000a\000t\000e\000\040\036\337\000\040\000f\000r\000o\000n\000t\000e\000n\000d}{}% 20
\BOOKMARK [2][-]{subsection.11.1}{\376\377\000M\000e\000s\000h\000R\000e\000a\000l\000t\000i\000m\000e\000P\000r\000o\000v\000i\000d\000e\000r}{section.11}% 21
\BOOKMARK [2][-]{subsection.11.2}{\376\377\000C\000\341\000c\000\040\000n\000g\001\260\036\341\000n\000g\000\040\000t\000h\036\335\000i\000\040\000g\000i\000a\000n}{section.11}% 22
\BOOKMARK [2][-]{subsection.11.3}{\376\377\000T\000\355\000n\000h\000\040\000t\000h\000r\000o\000u\000g\000h\000p\000u\000t\000\040\000v\000\340\000\040\000l\000a\000t\000e\000n\000c\000y}{section.11}% 23
\BOOKMARK [1][-]{section.12}{\376\377\000P\000a\000c\000k\000e\000t\000\040\000l\000o\000s\000s\000\040\000v\000\340\000\040\000s\000e\000r\000v\000e\000r\000\040\000m\000e\000t\000r\000i\000c\000s}{}% 24
\BOOKMARK [1][-]{section.13}{\376\377\000S\000Q\000L\000i\000t\000e\000\040\000v\000\340\000\040\000M\000o\000n\000g\000o\000D\000B\000:\000\040\000m\036\351\000c\000\040\000t\001\260\001\241\000n\000g\000\040\000t\000h\000\355\000c\000h\000\040\000t\000h\036\361\000c\000\040\000t\036\277}{}% 25
\BOOKMARK [1][-]{section.14}{\376\377\000K\000h\036\337\000i\000\040\000c\000h\036\241\000y\000\040\000v\000\340\000\040\000d\036\353\000n\000g\000\040\000t\000r\000\352\000n\000\040\000W\000i\000n\000d\000o\000w\000s}{}% 26
\BOOKMARK [2][-]{subsection.14.1}{\376\377\000e\000x\000e\000c\000u\000t\000e\000.\000b\000a\000t}{section.14}% 27
\BOOKMARK [2][-]{subsection.14.2}{\376\377\000s\000t\000o\000p\000.\000b\000a\000t}{section.14}% 28
\BOOKMARK [1][-]{section.15}{\376\377\000N\000h\036\357\000n\000g\000\040\000p\000h\036\247\000n\000\040\000g\000i\000a\000o\000\040\000d\000i\036\307\000n\000\040\000c\000h\001\260\000a\000\040\000n\036\321\000i\000\040\000h\000o\000\340\000n\000\040\000c\000h\036\311\000n\000h}{}% 29
\BOOKMARK [1][-]{section.16}{\376\377\000R\036\347\000i\000\040\000r\000o\000\040\000v\000\340\000\040\001\021\036\301\000\040\000x\000u\036\245\000t\000\040\000c\036\243\000i\000\040\000t\000i\036\277\000n}{}% 30
\BOOKMARK [1][-]{section.17}{\376\377\000K\036\277\000\040\000h\000o\036\241\000c\000h\000\040\000k\000i\036\303\000m\000\040\000t\000h\036\355}{}% 31
\BOOKMARK [1][-]{section.18}{\376\377\000B\000u\000i\000l\000d\000\040\000v\000\340\000\040\000t\000r\000i\036\303\000n\000\040\000k\000h\000a\000i}{}% 32
\BOOKMARK [1][-]{section.19}{\376\377\000K\036\277\000t\000\040\000l\000u\036\255\000n}{}% 33
\BOOKMARK [1][-]{appendix.A}{\376\377\000T\000h\036\351\000\040\000t\036\361\000\040\001\021\036\315\000c\000\040\000m\000\343\000\040\001\021\036\301\000\040\000x\000u\036\245\000t}{}% 34
